{"name":"morpheus","job":"zion resident","updatedAt":"2018-06-12T10:45:17.380Z"}